main.c:122:5:main	96	static,ignoring_inline_asm
main.c:247:6:SystemClock_Config	120	static
main.c:306:6:PeriphCommonClock_Config	192	static
main.c:325:13:MX_ADC1_Init	56	static
main.c:414:13:MX_ADC2_Init	48	static
main.c:487:13:MX_ADC3_Init	48	static
main.c:556:13:MX_CORDIC_Init	8	static
main.c:582:13:MX_DFSDM1_Init	8	static
main.c:731:13:MX_FDCAN1_Init	8	static
main.c:784:13:MX_FMAC_Init	8	static
main.c:810:13:MX_SPI2_Init	8	static
main.c:858:13:MX_SPI3_Init	8	static
main.c:906:13:MX_SPI4_Init	8	static
main.c:954:13:MX_SPI6_Init	8	static
main.c:1002:13:MX_TIM1_Init	112	static
main.c:1090:13:MX_TIM2_Init	40	static
main.c:1135:13:MX_TIM4_Init	64	static
main.c:1194:13:MX_TIM8_Init	112	static
main.c:1285:13:MX_DMA_Init	16	static
main.c:1309:13:MX_GPIO_Init	56	static
main.c:1367:6:Error_Handler	8	static,ignoring_inline_asm
