../Core/Src/main.c:125:5:main	160	static,ignoring_inline_asm
../Core/Src/main.c:279:6:SystemClock_Config	120	static
../Core/Src/main.c:341:6:PeriphCommonClock_Config	192	static
../Core/Src/main.c:360:13:MX_ADC1_Init	56	static
../Core/Src/main.c:459:13:MX_ADC2_Init	48	static
../Core/Src/main.c:536:13:MX_ADC3_Init	48	static
../Core/Src/main.c:604:13:MX_CORDIC_Init	8	static
../Core/Src/main.c:630:13:MX_DFSDM1_Init	8	static
../Core/Src/main.c:779:13:MX_FDCAN1_Init	8	static
../Core/Src/main.c:832:13:MX_FMAC_Init	8	static
../Core/Src/main.c:858:13:MX_SPI2_Init	8	static
../Core/Src/main.c:906:13:MX_SPI3_Init	8	static
../Core/Src/main.c:954:13:MX_SPI4_Init	8	static
../Core/Src/main.c:1002:13:MX_SPI6_Init	8	static
../Core/Src/main.c:1050:13:MX_TIM1_Init	120	static
../Core/Src/main.c:1138:13:MX_TIM2_Init	40	static
../Core/Src/main.c:1183:13:MX_TIM4_Init	64	static
../Core/Src/main.c:1242:13:MX_TIM8_Init	120	static
../Core/Src/main.c:1333:13:MX_DMA_Init	16	static
../Core/Src/main.c:1351:13:MX_GPIO_Init	56	static
../Core/Src/main.c:1409:6:Error_Handler	8	static,ignoring_inline_asm
